18:12:42.783 TKD [pool-24-thread-2-ScalaTest-running-BFGSTest] INFO  breeze.optimize.LBFGS - Step Size: 0.02996
18:12:42.784 TKD [pool-24-thread-2-ScalaTest-running-BFGSTest] INFO  breeze.optimize.LBFGS - Val and Grad Norm: 238.510 (rel: 0.0642) 15.0483
18:12:42.816 TKD [pool-24-thread-2-ScalaTest-running-BFGSTest] INFO  breeze.optimize.LBFGS - Step Size: 1.000
18:12:42.816 TKD [pool-24-thread-2-ScalaTest-running-BFGSTest] INFO  breeze.optimize.LBFGS - Val and Grad Norm: 230.601 (rel: 0.0332) 6.68662
18:12:42.854 TKD [pool-24-thread-2-ScalaTest-running-BFGSTest] INFO  breeze.optimize.LBFGS - Step Size: 1.000
18:12:42.855 TKD [pool-24-thread-2-ScalaTest-running-BFGSTest] INFO  breeze.optimize.LBFGS - Val and Grad Norm: 228.891 (rel: 0.00742) 14.2527
18:12:42.885 TKD [pool-24-thread-2-ScalaTest-running-BFGSTest] INFO  breeze.optimize.LBFGS - Step Size: 1.000
18:12:42.886 TKD [pool-24-thread-2-ScalaTest-running-BFGSTest] INFO  breeze.optimize.LBFGS - Val and Grad Norm: 226.478 (rel: 0.0105) 5.83115
18:12:42.911 TKD [pool-24-thread-2-ScalaTest-running-BFGSTest] INFO  breeze.optimize.LBFGS - Step Size: 1.000
18:12:42.912 TKD [pool-24-thread-2-ScalaTest-running-BFGSTest] INFO  breeze.optimize.LBFGS - Val and Grad Norm: 225.824 (rel: 0.00289) 2.99415
18:12:42.947 TKD [pool-24-thread-2-ScalaTest-running-BFGSTest] INFO  breeze.optimize.LBFGS - Step Size: 1.000
18:12:42.947 TKD [pool-24-thread-2-ScalaTest-running-BFGSTest] INFO  breeze.optimize.LBFGS - Val and Grad Norm: 225.420 (rel: 0.00179) 1.62716
18:12:42.972 TKD [pool-24-thread-2-ScalaTest-running-BFGSTest] INFO  breeze.optimize.LBFGS - Step Size: 1.000
18:12:42.972 TKD [pool-24-thread-2-ScalaTest-running-BFGSTest] INFO  breeze.optimize.LBFGS - Val and Grad Norm: 225.254 (rel: 0.000736) 2.60492
18:12:42.995 TKD [pool-24-thread-2-ScalaTest-running-BFGSTest] INFO  breeze.optimize.LBFGS - Step Size: 1.000
18:12:42.995 TKD [pool-24-thread-2-ScalaTest-running-BFGSTest] INFO  breeze.optimize.LBFGS - Val and Grad Norm: 225.020 (rel: 0.00104) 2.55790
18:12:43.012 TKD [pool-24-thread-2-ScalaTest-running-BFGSTest] INFO  breeze.optimize.LBFGS - Step Size: 1.000
18:12:43.012 TKD [pool-24-thread-2-ScalaTest-running-BFGSTest] INFO  breeze.optimize.LBFGS - Val and Grad Norm: 224.309 (rel: 0.00316) 3.86954
18:12:43.030 TKD [pool-24-thread-2-ScalaTest-running-BFGSTest] DEBUG b.optimize.StrongWolfeLineSearch - Line search t: 1.0 fval: 224.51755423068172 cdd: 2.046243192302916
18:12:43.046 TKD [pool-24-thread-2-ScalaTest-running-BFGSTest] INFO  b.optimize.StrongWolfeLineSearch - Line search t: 0.46676016457935043 fval: 224.01209043096762 rhs: 224.30851234140968 cdd: 0.009302413684457372
18:12:43.046 TKD [pool-24-thread-2-ScalaTest-running-BFGSTest] INFO  breeze.optimize.LBFGS - Step Size: 0.4668
18:12:43.047 TKD [pool-24-thread-2-ScalaTest-running-BFGSTest] INFO  breeze.optimize.LBFGS - Val and Grad Norm: 224.012 (rel: 0.00132) 1.79957
18:12:43.063 TKD [pool-24-thread-2-ScalaTest-running-BFGSTest] INFO  breeze.optimize.LBFGS - Step Size: 1.000
18:12:43.063 TKD [pool-24-thread-2-ScalaTest-running-BFGSTest] INFO  breeze.optimize.LBFGS - Val and Grad Norm: 223.952 (rel: 0.000267) 0.874615
18:12:43.079 TKD [pool-24-thread-2-ScalaTest-running-BFGSTest] INFO  breeze.optimize.LBFGS - Step Size: 1.000
18:12:43.079 TKD [pool-24-thread-2-ScalaTest-running-BFGSTest] INFO  breeze.optimize.LBFGS - Val and Grad Norm: 223.922 (rel: 0.000136) 0.767035
18:12:43.096 TKD [pool-24-thread-2-ScalaTest-running-BFGSTest] INFO  breeze.optimize.LBFGS - Step Size: 1.000
18:12:43.096 TKD [pool-24-thread-2-ScalaTest-running-BFGSTest] INFO  breeze.optimize.LBFGS - Val and Grad Norm: 223.875 (rel: 0.000212) 1.02249
18:12:43.114 TKD [pool-24-thread-2-ScalaTest-running-BFGSTest] INFO  breeze.optimize.LBFGS - Step Size: 1.000
18:12:43.114 TKD [pool-24-thread-2-ScalaTest-running-BFGSTest] INFO  breeze.optimize.LBFGS - Val and Grad Norm: 223.803 (rel: 0.000319) 2.20456
18:12:43.134 TKD [pool-24-thread-2-ScalaTest-running-BFGSTest] INFO  breeze.optimize.LBFGS - Step Size: 1.000
18:12:43.134 TKD [pool-24-thread-2-ScalaTest-running-BFGSTest] INFO  breeze.optimize.LBFGS - Val and Grad Norm: 223.753 (rel: 0.000224) 1.24532
18:12:43.150 TKD [pool-24-thread-2-ScalaTest-running-BFGSTest] INFO  breeze.optimize.LBFGS - Step Size: 1.000
18:12:43.150 TKD [pool-24-thread-2-ScalaTest-running-BFGSTest] INFO  breeze.optimize.LBFGS - Val and Grad Norm: 223.729 (rel: 0.000106) 0.432667
18:12:43.167 TKD [pool-24-thread-2-ScalaTest-running-BFGSTest] INFO  breeze.optimize.LBFGS - Step Size: 1.000
18:12:43.167 TKD [pool-24-thread-2-ScalaTest-running-BFGSTest] INFO  breeze.optimize.LBFGS - Val and Grad Norm: 223.724 (rel: 2.28e-05) 0.227133
18:12:43.193 TKD [pool-24-thread-2-ScalaTest-running-BFGSTest] INFO  breeze.optimize.LBFGS - Step Size: 1.000
18:12:43.193 TKD [pool-24-thread-2-ScalaTest-running-BFGSTest] INFO  breeze.optimize.LBFGS - Val and Grad Norm: 223.721 (rel: 1.48e-05) 0.242303
18:12:43.208 TKD [pool-24-thread-2-ScalaTest-running-BFGSTest] INFO  breeze.optimize.LBFGS - Step Size: 1.000
18:12:43.208 TKD [pool-24-thread-2-ScalaTest-running-BFGSTest] INFO  breeze.optimize.LBFGS - Val and Grad Norm: 223.706 (rel: 6.38e-05) 0.518736
18:12:43.228 TKD [pool-24-thread-2-ScalaTest-running-BFGSTest] INFO  breeze.optimize.LBFGS - Step Size: 1.000
18:12:43.229 TKD [pool-24-thread-2-ScalaTest-running-BFGSTest] INFO  breeze.optimize.LBFGS - Val and Grad Norm: 223.688 (rel: 8.16e-05) 1.26633
18:12:43.243 TKD [pool-24-thread-2-ScalaTest-running-BFGSTest] INFO  breeze.optimize.LBFGS - Step Size: 1.000
18:12:43.244 TKD [pool-24-thread-2-ScalaTest-running-BFGSTest] INFO  breeze.optimize.LBFGS - Val and Grad Norm: 223.660 (rel: 0.000127) 0.953205
18:12:43.258 TKD [pool-24-thread-2-ScalaTest-running-BFGSTest] INFO  breeze.optimize.LBFGS - Step Size: 1.000
18:12:43.258 TKD [pool-24-thread-2-ScalaTest-running-BFGSTest] INFO  breeze.optimize.LBFGS - Val and Grad Norm: 223.618 (rel: 0.000188) 0.574552
18:12:43.272 TKD [pool-24-thread-2-ScalaTest-running-BFGSTest] INFO  breeze.optimize.LBFGS - Step Size: 1.000
18:12:43.273 TKD [pool-24-thread-2-ScalaTest-running-BFGSTest] INFO  breeze.optimize.LBFGS - Val and Grad Norm: 223.608 (rel: 4.31e-05) 0.875432
18:12:43.298 TKD [pool-24-thread-2-ScalaTest-running-BFGSTest] INFO  breeze.optimize.LBFGS - Step Size: 1.000
18:12:43.298 TKD [pool-24-thread-2-ScalaTest-running-BFGSTest] INFO  breeze.optimize.LBFGS - Val and Grad Norm: 223.597 (rel: 5.19e-05) 0.327669
18:12:43.323 TKD [pool-24-thread-2-ScalaTest-running-BFGSTest] INFO  breeze.optimize.LBFGS - Step Size: 1.000
18:12:43.323 TKD [pool-24-thread-2-ScalaTest-running-BFGSTest] INFO  breeze.optimize.LBFGS - Val and Grad Norm: 223.593 (rel: 1.82e-05) 0.310092
18:12:43.349 TKD [pool-24-thread-2-ScalaTest-running-BFGSTest] INFO  breeze.optimize.LBFGS - Step Size: 1.000
18:12:43.349 TKD [pool-24-thread-2-ScalaTest-running-BFGSTest] INFO  breeze.optimize.LBFGS - Val and Grad Norm: 223.582 (rel: 4.86e-05) 0.457422
18:12:43.381 TKD [pool-24-thread-2-ScalaTest-running-BFGSTest] DEBUG b.optimize.StrongWolfeLineSearch - Line search t: 1.0 fval: 223.58128083408272 rhs: 223.58170081815544 cdd: 0.011998472762159675
18:12:43.403 TKD [pool-24-thread-2-ScalaTest-running-BFGSTest] INFO  b.optimize.StrongWolfeLineSearch - Line search t: 0.5128779424800847 fval: 223.57833700027734 rhs: 223.58170146250302 cdd: -2.1655342995134772E-7
18:12:43.403 TKD [pool-24-thread-2-ScalaTest-running-BFGSTest] INFO  breeze.optimize.LBFGS - Step Size: 0.5129
18:12:43.403 TKD [pool-24-thread-2-ScalaTest-running-BFGSTest] INFO  breeze.optimize.LBFGS - Val and Grad Norm: 223.578 (rel: 1.51e-05) 0.471770
18:12:43.416 TKD [pool-24-thread-2-ScalaTest-running-BFGSTest] INFO  breeze.optimize.LBFGS - Step Size: 1.000
18:12:43.416 TKD [pool-24-thread-2-ScalaTest-running-BFGSTest] INFO  breeze.optimize.LBFGS - Val and Grad Norm: 223.575 (rel: 1.51e-05) 0.250578
18:12:43.429 TKD [pool-24-thread-2-ScalaTest-running-BFGSTest] INFO  breeze.optimize.LBFGS - Step Size: 1.000
18:12:43.429 TKD [pool-24-thread-2-ScalaTest-running-BFGSTest] INFO  breeze.optimize.LBFGS - Val and Grad Norm: 223.573 (rel: 9.76e-06) 0.192668
18:12:43.441 TKD [pool-24-thread-2-ScalaTest-running-BFGSTest] INFO  breeze.optimize.LBFGS - Step Size: 1.000
18:12:43.441 TKD [pool-24-thread-2-ScalaTest-running-BFGSTest] INFO  breeze.optimize.LBFGS - Val and Grad Norm: 223.570 (rel: 1.17e-05) 0.253112
18:12:43.453 TKD [pool-24-thread-2-ScalaTest-running-BFGSTest] INFO  breeze.optimize.LBFGS - Step Size: 1.000
18:12:43.453 TKD [pool-24-thread-2-ScalaTest-running-BFGSTest] INFO  breeze.optimize.LBFGS - Val and Grad Norm: 223.566 (rel: 1.83e-05) 0.316296
18:12:43.464 TKD [pool-24-thread-2-ScalaTest-running-BFGSTest] DEBUG b.optimize.StrongWolfeLineSearch - Line search t: 1.0 fval: 223.5718022947987 cdd: 0.020082455392750793
18:12:43.475 TKD [pool-24-thread-2-ScalaTest-running-BFGSTest] INFO  b.optimize.StrongWolfeLineSearch - Line search t: 0.3012797874037767 fval: 223.5647228152803 rhs: 223.56607227391348 cdd: 3.7903527959968054E-6
18:12:43.475 TKD [pool-24-thread-2-ScalaTest-running-BFGSTest] INFO  breeze.optimize.LBFGS - Step Size: 0.3013
18:12:43.475 TKD [pool-24-thread-2-ScalaTest-running-BFGSTest] INFO  breeze.optimize.LBFGS - Val and Grad Norm: 223.565 (rel: 6.04e-06) 0.290792
18:12:43.487 TKD [pool-24-thread-2-ScalaTest-running-BFGSTest] INFO  breeze.optimize.LBFGS - Step Size: 1.000
18:12:43.487 TKD [pool-24-thread-2-ScalaTest-running-BFGSTest] INFO  breeze.optimize.LBFGS - Val and Grad Norm: 223.563 (rel: 7.66e-06) 0.125352
18:12:43.502 TKD [pool-24-thread-2-ScalaTest-running-BFGSTest] INFO  breeze.optimize.LBFGS - Step Size: 1.000
18:12:43.502 TKD [pool-24-thread-2-ScalaTest-running-BFGSTest] INFO  breeze.optimize.LBFGS - Val and Grad Norm: 223.562 (rel: 2.98e-06) 0.0967034
18:12:43.514 TKD [pool-24-thread-2-ScalaTest-running-BFGSTest] INFO  breeze.optimize.LBFGS - Step Size: 1.000
18:12:43.514 TKD [pool-24-thread-2-ScalaTest-running-BFGSTest] INFO  breeze.optimize.LBFGS - Val and Grad Norm: 223.562 (rel: 3.65e-06) 0.119499
18:12:43.527 TKD [pool-24-thread-2-ScalaTest-running-BFGSTest] INFO  breeze.optimize.LBFGS - Step Size: 1.000
18:12:43.527 TKD [pool-24-thread-2-ScalaTest-running-BFGSTest] INFO  breeze.optimize.LBFGS - Val and Grad Norm: 223.561 (rel: 2.66e-06) 0.165269
18:12:43.546 TKD [pool-24-thread-2-ScalaTest-running-BFGSTest] INFO  breeze.optimize.LBFGS - Step Size: 1.000
18:12:43.546 TKD [pool-24-thread-2-ScalaTest-running-BFGSTest] INFO  breeze.optimize.LBFGS - Val and Grad Norm: 223.560 (rel: 2.18e-06) 0.0749810
18:12:43.561 TKD [pool-24-thread-2-ScalaTest-running-BFGSTest] INFO  breeze.optimize.LBFGS - Step Size: 1.000
18:12:43.561 TKD [pool-24-thread-2-ScalaTest-running-BFGSTest] INFO  breeze.optimize.LBFGS - Val and Grad Norm: 223.560 (rel: 1.04e-06) 0.0541020
18:12:43.574 TKD [pool-24-thread-2-ScalaTest-running-BFGSTest] INFO  breeze.optimize.LBFGS - Step Size: 1.000
18:12:43.574 TKD [pool-24-thread-2-ScalaTest-running-BFGSTest] INFO  breeze.optimize.LBFGS - Val and Grad Norm: 223.560 (rel: 4.71e-07) 0.0481869
18:12:43.587 TKD [pool-24-thread-2-ScalaTest-running-BFGSTest] INFO  breeze.optimize.LBFGS - Step Size: 1.000
18:12:43.587 TKD [pool-24-thread-2-ScalaTest-running-BFGSTest] INFO  breeze.optimize.LBFGS - Val and Grad Norm: 223.560 (rel: 1.41e-07) 0.0663366
18:12:43.599 TKD [pool-24-thread-2-ScalaTest-running-BFGSTest] INFO  breeze.optimize.LBFGS - Step Size: 1.000
18:12:43.599 TKD [pool-24-thread-2-ScalaTest-running-BFGSTest] INFO  breeze.optimize.LBFGS - Val and Grad Norm: 223.560 (rel: 2.13e-07) 0.0232566
18:12:43.610 TKD [pool-24-thread-2-ScalaTest-running-BFGSTest] INFO  breeze.optimize.LBFGS - Step Size: 1.000
18:12:43.610 TKD [pool-24-thread-2-ScalaTest-running-BFGSTest] INFO  breeze.optimize.LBFGS - Val and Grad Norm: 223.560 (rel: 1.05e-07) 0.0187250
18:12:43.622 TKD [pool-24-thread-2-ScalaTest-running-BFGSTest] INFO  breeze.optimize.LBFGS - Step Size: 1.000
18:12:43.622 TKD [pool-24-thread-2-ScalaTest-running-BFGSTest] INFO  breeze.optimize.LBFGS - Val and Grad Norm: 223.560 (rel: 1.83e-07) 0.0386596
18:12:43.633 TKD [pool-24-thread-2-ScalaTest-running-BFGSTest] INFO  breeze.optimize.LBFGS - Step Size: 1.000
18:12:43.633 TKD [pool-24-thread-2-ScalaTest-running-BFGSTest] INFO  breeze.optimize.LBFGS - Val and Grad Norm: 223.560 (rel: 1.99e-07) 0.0469241
18:12:43.645 TKD [pool-24-thread-2-ScalaTest-running-BFGSTest] INFO  breeze.optimize.LBFGS - Step Size: 1.000
18:12:43.645 TKD [pool-24-thread-2-ScalaTest-running-BFGSTest] INFO  breeze.optimize.LBFGS - Val and Grad Norm: 223.560 (rel: 9.19e-08) 0.100001
18:12:43.656 TKD [pool-24-thread-2-ScalaTest-running-BFGSTest] INFO  breeze.optimize.LBFGS - Step Size: 1.000
18:12:43.656 TKD [pool-24-thread-2-ScalaTest-running-BFGSTest] INFO  breeze.optimize.LBFGS - Val and Grad Norm: 223.560 (rel: 5.30e-07) 0.0402735
18:12:43.667 TKD [pool-24-thread-2-ScalaTest-running-BFGSTest] INFO  breeze.optimize.LBFGS - Step Size: 1.000
18:12:43.667 TKD [pool-24-thread-2-ScalaTest-running-BFGSTest] INFO  breeze.optimize.LBFGS - Val and Grad Norm: 223.560 (rel: 3.59e-07) 0.0357975
18:12:43.678 TKD [pool-24-thread-2-ScalaTest-running-BFGSTest] INFO  breeze.optimize.LBFGS - Step Size: 1.000
18:12:43.679 TKD [pool-24-thread-2-ScalaTest-running-BFGSTest] INFO  breeze.optimize.LBFGS - Val and Grad Norm: 223.559 (rel: 1.09e-06) 0.0922516
18:12:43.693 TKD [pool-24-thread-2-ScalaTest-running-BFGSTest] INFO  breeze.optimize.LBFGS - Step Size: 1.000
18:12:43.693 TKD [pool-24-thread-2-ScalaTest-running-BFGSTest] INFO  breeze.optimize.LBFGS - Val and Grad Norm: 223.559 (rel: 1.73e-06) 0.152800
18:12:43.707 TKD [pool-24-thread-2-ScalaTest-running-BFGSTest] INFO  breeze.optimize.LBFGS - Step Size: 1.000
18:12:43.707 TKD [pool-24-thread-2-ScalaTest-running-BFGSTest] INFO  breeze.optimize.LBFGS - Val and Grad Norm: 223.558 (rel: 4.04e-06) 0.192253
18:12:43.718 TKD [pool-24-thread-2-ScalaTest-running-BFGSTest] INFO  breeze.optimize.LBFGS - Step Size: 1.000
18:12:43.718 TKD [pool-24-thread-2-ScalaTest-running-BFGSTest] INFO  breeze.optimize.LBFGS - Val and Grad Norm: 223.556 (rel: 7.57e-06) 0.295674
18:12:43.729 TKD [pool-24-thread-2-ScalaTest-running-BFGSTest] INFO  breeze.optimize.LBFGS - Step Size: 1.000
18:12:43.729 TKD [pool-24-thread-2-ScalaTest-running-BFGSTest] INFO  breeze.optimize.LBFGS - Val and Grad Norm: 223.555 (rel: 7.05e-06) 0.156816
18:12:43.740 TKD [pool-24-thread-2-ScalaTest-running-BFGSTest] INFO  breeze.optimize.LBFGS - Step Size: 1.000
18:12:43.740 TKD [pool-24-thread-2-ScalaTest-running-BFGSTest] INFO  breeze.optimize.LBFGS - Val and Grad Norm: 223.554 (rel: 5.36e-06) 0.153346
18:12:43.751 TKD [pool-24-thread-2-ScalaTest-running-BFGSTest] INFO  breeze.optimize.LBFGS - Step Size: 1.000
18:12:43.751 TKD [pool-24-thread-2-ScalaTest-running-BFGSTest] INFO  breeze.optimize.LBFGS - Val and Grad Norm: 223.550 (rel: 1.77e-05) 0.272024
18:12:43.762 TKD [pool-24-thread-2-ScalaTest-running-BFGSTest] DEBUG b.optimize.StrongWolfeLineSearch - Line search t: 1.0 fval: 223.55023010075203 cdd: 0.007213932807146202
18:12:43.772 TKD [pool-24-thread-2-ScalaTest-running-BFGSTest] INFO  b.optimize.StrongWolfeLineSearch - Line search t: 0.45863833927164965 fval: 223.5482530101687 rhs: 223.54974874199638 cdd: 2.2366514279050778E-6
18:12:43.772 TKD [pool-24-thread-2-ScalaTest-running-BFGSTest] INFO  breeze.optimize.LBFGS - Step Size: 0.4586
18:12:43.772 TKD [pool-24-thread-2-ScalaTest-running-BFGSTest] INFO  breeze.optimize.LBFGS - Val and Grad Norm: 223.548 (rel: 6.69e-06) 0.118011
18:12:43.783 TKD [pool-24-thread-2-ScalaTest-running-BFGSTest] INFO  breeze.optimize.LBFGS - Step Size: 1.000
18:12:43.783 TKD [pool-24-thread-2-ScalaTest-running-BFGSTest] INFO  breeze.optimize.LBFGS - Val and Grad Norm: 223.548 (rel: 1.65e-06) 0.0549214
18:12:43.795 TKD [pool-24-thread-2-ScalaTest-running-BFGSTest] INFO  breeze.optimize.LBFGS - Step Size: 1.000
18:12:43.795 TKD [pool-24-thread-2-ScalaTest-running-BFGSTest] INFO  breeze.optimize.LBFGS - Val and Grad Norm: 223.548 (rel: 9.05e-07) 0.0542777
18:12:43.805 TKD [pool-24-thread-2-ScalaTest-running-BFGSTest] INFO  breeze.optimize.LBFGS - Step Size: 1.000
18:12:43.806 TKD [pool-24-thread-2-ScalaTest-running-BFGSTest] INFO  breeze.optimize.LBFGS - Val and Grad Norm: 223.548 (rel: 7.73e-07) 0.0900125
18:12:43.816 TKD [pool-24-thread-2-ScalaTest-running-BFGSTest] INFO  breeze.optimize.LBFGS - Step Size: 1.000
18:12:43.816 TKD [pool-24-thread-2-ScalaTest-running-BFGSTest] INFO  breeze.optimize.LBFGS - Val and Grad Norm: 223.547 (rel: 8.64e-07) 0.0521132
18:12:43.828 TKD [pool-24-thread-2-ScalaTest-running-BFGSTest] INFO  breeze.optimize.LBFGS - Step Size: 1.000
18:12:43.828 TKD [pool-24-thread-2-ScalaTest-running-BFGSTest] INFO  breeze.optimize.LBFGS - Val and Grad Norm: 223.547 (rel: 5.00e-07) 0.0234057
18:12:43.844 TKD [pool-24-thread-2-ScalaTest-running-BFGSTest] INFO  breeze.optimize.LBFGS - Step Size: 1.000
18:12:43.844 TKD [pool-24-thread-2-ScalaTest-running-BFGSTest] INFO  breeze.optimize.LBFGS - Val and Grad Norm: 223.547 (rel: 9.51e-08) 0.0233122
18:12:43.855 TKD [pool-24-thread-2-ScalaTest-running-BFGSTest] INFO  breeze.optimize.LBFGS - Step Size: 1.000
18:12:43.855 TKD [pool-24-thread-2-ScalaTest-running-BFGSTest] INFO  breeze.optimize.LBFGS - Val and Grad Norm: 223.547 (rel: 9.77e-08) 0.0153063
18:12:43.866 TKD [pool-24-thread-2-ScalaTest-running-BFGSTest] INFO  breeze.optimize.LBFGS - Step Size: 1.000
18:12:43.866 TKD [pool-24-thread-2-ScalaTest-running-BFGSTest] INFO  breeze.optimize.LBFGS - Val and Grad Norm: 223.547 (rel: 1.69e-08) 0.0367775
18:12:43.876 TKD [pool-24-thread-2-ScalaTest-running-BFGSTest] INFO  breeze.optimize.LBFGS - Step Size: 1.000
18:12:43.877 TKD [pool-24-thread-2-ScalaTest-running-BFGSTest] INFO  breeze.optimize.LBFGS - Val and Grad Norm: 223.547 (rel: 5.54e-08) 0.0133013
18:12:43.887 TKD [pool-24-thread-2-ScalaTest-running-BFGSTest] INFO  breeze.optimize.LBFGS - Step Size: 1.000
18:12:43.887 TKD [pool-24-thread-2-ScalaTest-running-BFGSTest] INFO  breeze.optimize.LBFGS - Val and Grad Norm: 223.547 (rel: 1.04e-08) 0.00494309
18:12:43.898 TKD [pool-24-thread-2-ScalaTest-running-BFGSTest] INFO  breeze.optimize.LBFGS - Step Size: 1.000
18:12:43.898 TKD [pool-24-thread-2-ScalaTest-running-BFGSTest] INFO  breeze.optimize.LBFGS - Val and Grad Norm: 223.547 (rel: 3.08e-09) 0.00432597
18:12:43.910 TKD [pool-24-thread-2-ScalaTest-running-BFGSTest] INFO  breeze.optimize.LBFGS - Step Size: 1.000
18:12:43.910 TKD [pool-24-thread-2-ScalaTest-running-BFGSTest] INFO  breeze.optimize.LBFGS - Val and Grad Norm: 223.547 (rel: 1.03e-08) 0.00618830
18:12:43.920 TKD [pool-24-thread-2-ScalaTest-running-BFGSTest] INFO  breeze.optimize.LBFGS - Step Size: 1.000
18:12:43.921 TKD [pool-24-thread-2-ScalaTest-running-BFGSTest] INFO  breeze.optimize.LBFGS - Val and Grad Norm: 223.547 (rel: 7.12e-09) 0.00670849
18:12:43.931 TKD [pool-24-thread-2-ScalaTest-running-BFGSTest] INFO  breeze.optimize.LBFGS - Step Size: 1.000
18:12:43.932 TKD [pool-24-thread-2-ScalaTest-running-BFGSTest] INFO  breeze.optimize.LBFGS - Val and Grad Norm: 223.547 (rel: 9.30e-09) 0.00710413
18:12:43.944 TKD [pool-24-thread-2-ScalaTest-running-BFGSTest] INFO  breeze.optimize.LBFGS - Step Size: 1.000
18:12:43.944 TKD [pool-24-thread-2-ScalaTest-running-BFGSTest] INFO  breeze.optimize.LBFGS - Val and Grad Norm: 223.547 (rel: 1.05e-08) 0.00568197
18:12:43.954 TKD [pool-24-thread-2-ScalaTest-running-BFGSTest] INFO  breeze.optimize.LBFGS - Step Size: 1.000
18:12:43.954 TKD [pool-24-thread-2-ScalaTest-running-BFGSTest] INFO  breeze.optimize.LBFGS - Val and Grad Norm: 223.547 (rel: 1.28e-08) 0.00537806
18:12:43.965 TKD [pool-24-thread-2-ScalaTest-running-BFGSTest] DEBUG b.optimize.StrongWolfeLineSearch - Line search t: 1.0 fval: 223.54713661104955 cdd: 1.6731714700464175E-5
18:12:43.976 TKD [pool-24-thread-2-ScalaTest-running-BFGSTest] INFO  b.optimize.StrongWolfeLineSearch - Line search t: 0.2772592833803652 fval: 223.54713056495498 rhs: 223.5471314544536 cdd: 1.8120970285325938E-13
18:12:43.976 TKD [pool-24-thread-2-ScalaTest-running-BFGSTest] INFO  breeze.optimize.LBFGS - Step Size: 0.2773
18:12:43.976 TKD [pool-24-thread-2-ScalaTest-running-BFGSTest] INFO  breeze.optimize.LBFGS - Val and Grad Norm: 223.547 (rel: 3.98e-09) 0.00712306
18:12:43.992 TKD [pool-24-thread-2-ScalaTest-running-BFGSTest] INFO  breeze.optimize.LBFGS - Step Size: 1.000
18:12:43.992 TKD [pool-24-thread-2-ScalaTest-running-BFGSTest] INFO  breeze.optimize.LBFGS - Val and Grad Norm: 223.547 (rel: 4.73e-09) 0.00290071
18:12:44.002 TKD [pool-24-thread-2-ScalaTest-running-BFGSTest] INFO  breeze.optimize.LBFGS - Step Size: 1.000
18:12:44.002 TKD [pool-24-thread-2-ScalaTest-running-BFGSTest] INFO  breeze.optimize.LBFGS - Val and Grad Norm: 223.547 (rel: 1.62e-09) 0.00253312
18:12:44.013 TKD [pool-24-thread-2-ScalaTest-running-BFGSTest] INFO  breeze.optimize.LBFGS - Step Size: 1.000
18:12:44.013 TKD [pool-24-thread-2-ScalaTest-running-BFGSTest] INFO  breeze.optimize.LBFGS - Val and Grad Norm: 223.547 (rel: 1.83e-09) 0.00488525
18:12:44.024 TKD [pool-24-thread-2-ScalaTest-running-BFGSTest] INFO  breeze.optimize.LBFGS - Step Size: 1.000
18:12:44.024 TKD [pool-24-thread-2-ScalaTest-running-BFGSTest] INFO  breeze.optimize.LBFGS - Val and Grad Norm: 223.547 (rel: 1.46e-09) 0.00231964
18:12:44.038 TKD [pool-24-thread-2-ScalaTest-running-BFGSTest] INFO  breeze.optimize.LBFGS - Step Size: 1.000
18:12:44.038 TKD [pool-24-thread-2-ScalaTest-running-BFGSTest] INFO  breeze.optimize.LBFGS - Val and Grad Norm: 223.547 (rel: 8.91e-10) 0.00163325
18:12:44.050 TKD [pool-24-thread-2-ScalaTest-running-BFGSTest] INFO  breeze.optimize.LBFGS - Step Size: 1.000
18:12:44.050 TKD [pool-24-thread-2-ScalaTest-running-BFGSTest] INFO  breeze.optimize.LBFGS - Val and Grad Norm: 223.547 (rel: 5.07e-10) 0.00127066
18:12:44.060 TKD [pool-24-thread-2-ScalaTest-running-BFGSTest] DEBUG b.optimize.StrongWolfeLineSearch - Line search t: 1.0 fval: 223.5471281480598 cdd: 3.1849568993928604E-7
18:12:44.072 TKD [pool-24-thread-2-ScalaTest-running-BFGSTest] INFO  b.optimize.StrongWolfeLineSearch - Line search t: 0.40688790108338746 fval: 223.54712805360995 rhs: 223.54712809804838 cdd: 3.007594085312893E-13
18:12:44.072 TKD [pool-24-thread-2-ScalaTest-running-BFGSTest] INFO  breeze.optimize.LBFGS - Step Size: 0.4069
18:12:44.072 TKD [pool-24-thread-2-ScalaTest-running-BFGSTest] INFO  breeze.optimize.LBFGS - Val and Grad Norm: 223.547 (rel: 1.99e-10) 0.00132322
18:12:44.083 TKD [pool-24-thread-2-ScalaTest-running-BFGSTest] INFO  breeze.optimize.LBFGS - Step Size: 1.000
18:12:44.083 TKD [pool-24-thread-2-ScalaTest-running-BFGSTest] INFO  breeze.optimize.LBFGS - Val and Grad Norm: 223.547 (rel: 2.12e-10) 0.000931221
18:12:44.094 TKD [pool-24-thread-2-ScalaTest-running-BFGSTest] INFO  breeze.optimize.LBFGS - Step Size: 1.000
18:12:44.094 TKD [pool-24-thread-2-ScalaTest-running-BFGSTest] INFO  breeze.optimize.LBFGS - Val and Grad Norm: 223.547 (rel: 4.43e-10) 0.00127611
18:12:44.105 TKD [pool-24-thread-2-ScalaTest-running-BFGSTest] INFO  breeze.optimize.LBFGS - Step Size: 1.000
18:12:44.105 TKD [pool-24-thread-2-ScalaTest-running-BFGSTest] INFO  breeze.optimize.LBFGS - Val and Grad Norm: 223.547 (rel: 5.90e-10) 0.000785364
18:12:44.115 TKD [pool-24-thread-2-ScalaTest-running-BFGSTest] INFO  breeze.optimize.LBFGS - Step Size: 1.000
18:12:44.115 TKD [pool-24-thread-2-ScalaTest-running-BFGSTest] INFO  breeze.optimize.LBFGS - Val and Grad Norm: 223.547 (rel: 1.34e-09) 0.00212612
18:12:44.126 TKD [pool-24-thread-2-ScalaTest-running-BFGSTest] INFO  breeze.optimize.LBFGS - Step Size: 1.000
18:12:44.126 TKD [pool-24-thread-2-ScalaTest-running-BFGSTest] INFO  breeze.optimize.LBFGS - Val and Grad Norm: 223.547 (rel: 4.64e-09) 0.00397517
18:12:44.139 TKD [pool-24-thread-2-ScalaTest-running-BFGSTest] INFO  breeze.optimize.LBFGS - Step Size: 1.000
18:12:44.140 TKD [pool-24-thread-2-ScalaTest-running-BFGSTest] INFO  breeze.optimize.LBFGS - Val and Grad Norm: 223.547 (rel: 4.67e-09) 0.0129676
18:12:44.150 TKD [pool-24-thread-2-ScalaTest-running-BFGSTest] INFO  breeze.optimize.LBFGS - Step Size: 1.000
18:12:44.150 TKD [pool-24-thread-2-ScalaTest-running-BFGSTest] INFO  breeze.optimize.LBFGS - Val and Grad Norm: 223.547 (rel: 9.61e-09) 0.00844099
18:12:44.161 TKD [pool-24-thread-2-ScalaTest-running-BFGSTest] INFO  breeze.optimize.LBFGS - Step Size: 1.000
18:12:44.161 TKD [pool-24-thread-2-ScalaTest-running-BFGSTest] INFO  breeze.optimize.LBFGS - Val and Grad Norm: 223.547 (rel: 2.42e-08) 0.00651183
18:12:44.171 TKD [pool-24-thread-2-ScalaTest-running-BFGSTest] INFO  breeze.optimize.LBFGS - Step Size: 1.000
18:12:44.171 TKD [pool-24-thread-2-ScalaTest-running-BFGSTest] INFO  breeze.optimize.LBFGS - Val and Grad Norm: 223.547 (rel: 1.63e-08) 0.00976532
18:12:44.182 TKD [pool-24-thread-2-ScalaTest-running-BFGSTest] INFO  breeze.optimize.LBFGS - Step Size: 1.000
18:12:44.182 TKD [pool-24-thread-2-ScalaTest-running-BFGSTest] INFO  breeze.optimize.LBFGS - Val and Grad Norm: 223.547 (rel: 4.32e-08) 0.0172490
18:12:44.192 TKD [pool-24-thread-2-ScalaTest-running-BFGSTest] INFO  breeze.optimize.LBFGS - Step Size: 1.000
18:12:44.192 TKD [pool-24-thread-2-ScalaTest-running-BFGSTest] INFO  breeze.optimize.LBFGS - Val and Grad Norm: 223.547 (rel: 8.83e-08) 0.0250570
18:12:44.203 TKD [pool-24-thread-2-ScalaTest-running-BFGSTest] INFO  breeze.optimize.LBFGS - Step Size: 1.000
18:12:44.203 TKD [pool-24-thread-2-ScalaTest-running-BFGSTest] INFO  breeze.optimize.LBFGS - Val and Grad Norm: 223.547 (rel: 1.06e-07) 0.0242268
18:12:44.214 TKD [pool-24-thread-2-ScalaTest-running-BFGSTest] INFO  breeze.optimize.LBFGS - Step Size: 1.000
18:12:44.214 TKD [pool-24-thread-2-ScalaTest-running-BFGSTest] INFO  breeze.optimize.LBFGS - Val and Grad Norm: 223.547 (rel: 1.08e-07) 0.0225752
18:12:44.225 TKD [pool-24-thread-2-ScalaTest-running-BFGSTest] INFO  breeze.optimize.LBFGS - Step Size: 1.000
18:12:44.225 TKD [pool-24-thread-2-ScalaTest-running-BFGSTest] INFO  breeze.optimize.LBFGS - Val and Grad Norm: 223.547 (rel: 1.88e-07) 0.0382110
18:12:44.235 TKD [pool-24-thread-2-ScalaTest-running-BFGSTest] INFO  breeze.optimize.LBFGS - Step Size: 1.000
18:12:44.235 TKD [pool-24-thread-2-ScalaTest-running-BFGSTest] INFO  breeze.optimize.LBFGS - Val and Grad Norm: 223.547 (rel: 7.27e-08) 0.0369298
18:12:44.248 TKD [pool-24-thread-2-ScalaTest-running-BFGSTest] INFO  breeze.optimize.LBFGS - Step Size: 1.000
18:12:44.248 TKD [pool-24-thread-2-ScalaTest-running-BFGSTest] INFO  breeze.optimize.LBFGS - Val and Grad Norm: 223.547 (rel: 6.17e-08) 0.0124711
18:12:44.259 TKD [pool-24-thread-2-ScalaTest-running-BFGSTest] INFO  breeze.optimize.LBFGS - Step Size: 1.000
18:12:44.259 TKD [pool-24-thread-2-ScalaTest-running-BFGSTest] INFO  breeze.optimize.LBFGS - Val and Grad Norm: 223.547 (rel: 2.02e-08) 0.00741332
18:12:44.279 TKD [pool-24-thread-2-ScalaTest-running-BFGSTest] INFO  breeze.optimize.LBFGS - Step Size: 1.000
18:12:44.279 TKD [pool-24-thread-2-ScalaTest-running-BFGSTest] INFO  breeze.optimize.LBFGS - Val and Grad Norm: 223.547 (rel: 2.31e-08) 0.00672817
18:12:44.297 TKD [pool-24-thread-2-ScalaTest-running-BFGSTest] INFO  breeze.optimize.LBFGS - Step Size: 1.000
18:12:44.298 TKD [pool-24-thread-2-ScalaTest-running-BFGSTest] INFO  breeze.optimize.LBFGS - Val and Grad Norm: 223.547 (rel: 1.53e-08) 0.0108649
18:12:44.308 TKD [pool-24-thread-2-ScalaTest-running-BFGSTest] INFO  breeze.optimize.LBFGS - Step Size: 1.000
18:12:44.308 TKD [pool-24-thread-2-ScalaTest-running-BFGSTest] INFO  breeze.optimize.LBFGS - Val and Grad Norm: 223.547 (rel: 2.37e-08) 0.00767315
18:12:44.318 TKD [pool-24-thread-2-ScalaTest-running-BFGSTest] INFO  breeze.optimize.LBFGS - Step Size: 1.000
18:12:44.318 TKD [pool-24-thread-2-ScalaTest-running-BFGSTest] INFO  breeze.optimize.LBFGS - Val and Grad Norm: 223.547 (rel: 4.11e-08) 0.00618565
18:12:44.330 TKD [pool-24-thread-2-ScalaTest-running-BFGSTest] DEBUG b.optimize.StrongWolfeLineSearch - Line search t: 1.0 fval: 223.5469466697654 cdd: 4.043787704737831E-5
18:12:44.340 TKD [pool-24-thread-2-ScalaTest-running-BFGSTest] INFO  b.optimize.StrongWolfeLineSearch - Line search t: 0.349298830161353 fval: 223.54693348142615 rhs: 223.5469373093328 cdd: 1.9909279943544837E-9
18:12:44.340 TKD [pool-24-thread-2-ScalaTest-running-BFGSTest] INFO  breeze.optimize.LBFGS - Step Size: 0.3493
18:12:44.340 TKD [pool-24-thread-2-ScalaTest-running-BFGSTest] INFO  breeze.optimize.LBFGS - Val and Grad Norm: 223.547 (rel: 1.71e-08) 0.0137882
18:12:44.351 TKD [pool-24-thread-2-ScalaTest-running-BFGSTest] INFO  breeze.optimize.LBFGS - Step Size: 1.000
18:12:44.352 TKD [pool-24-thread-2-ScalaTest-running-BFGSTest] INFO  breeze.optimize.LBFGS - Val and Grad Norm: 223.547 (rel: 1.76e-08) 0.00621127
18:12:44.362 TKD [pool-24-thread-2-ScalaTest-running-BFGSTest] INFO  breeze.optimize.LBFGS - Step Size: 1.000
18:12:44.362 TKD [pool-24-thread-2-ScalaTest-running-BFGSTest] INFO  breeze.optimize.LBFGS - Val and Grad Norm: 223.547 (rel: 5.07e-09) 0.00604521
18:12:44.373 TKD [pool-24-thread-2-ScalaTest-running-BFGSTest] INFO  breeze.optimize.LBFGS - Step Size: 1.000
18:12:44.373 TKD [pool-24-thread-2-ScalaTest-running-BFGSTest] INFO  breeze.optimize.LBFGS - Val and Grad Norm: 223.547 (rel: 5.00e-09) 0.00604655
18:12:44.383 TKD [pool-24-thread-2-ScalaTest-running-BFGSTest] INFO  breeze.optimize.LBFGS - Step Size: 1.000
18:12:44.383 TKD [pool-24-thread-2-ScalaTest-running-BFGSTest] INFO  breeze.optimize.LBFGS - Val and Grad Norm: 223.547 (rel: 2.46e-08) 0.0112422
18:12:44.393 TKD [pool-24-thread-2-ScalaTest-running-BFGSTest] DEBUG b.optimize.StrongWolfeLineSearch - Line search t: 1.0 fval: 223.54692821035516 cdd: 2.3790809064842138E-5
18:12:44.403 TKD [pool-24-thread-2-ScalaTest-running-BFGSTest] INFO  b.optimize.StrongWolfeLineSearch - Line search t: 0.31601581913454546 fval: 223.54692006917082 rhs: 223.54692180973427 cdd: 2.059695708157831E-10
18:12:44.403 TKD [pool-24-thread-2-ScalaTest-running-BFGSTest] INFO  breeze.optimize.LBFGS - Step Size: 0.3160
18:12:44.404 TKD [pool-24-thread-2-ScalaTest-running-BFGSTest] INFO  breeze.optimize.LBFGS - Val and Grad Norm: 223.547 (rel: 7.79e-09) 0.00671960
18:12:44.415 TKD [pool-24-thread-2-ScalaTest-running-BFGSTest] INFO  breeze.optimize.LBFGS - Step Size: 1.000
18:12:44.415 TKD [pool-24-thread-2-ScalaTest-running-BFGSTest] INFO  breeze.optimize.LBFGS - Val and Grad Norm: 223.547 (rel: 5.86e-09) 0.00522846
18:12:44.426 TKD [pool-24-thread-2-ScalaTest-running-BFGSTest] INFO  breeze.optimize.LBFGS - Step Size: 1.000
18:12:44.426 TKD [pool-24-thread-2-ScalaTest-running-BFGSTest] INFO  breeze.optimize.LBFGS - Val and Grad Norm: 223.547 (rel: 6.57e-09) 0.00359969
18:12:44.440 TKD [pool-24-thread-2-ScalaTest-running-BFGSTest] INFO  breeze.optimize.LBFGS - Step Size: 1.000
18:12:44.440 TKD [pool-24-thread-2-ScalaTest-running-BFGSTest] INFO  breeze.optimize.LBFGS - Val and Grad Norm: 223.547 (rel: 5.52e-09) 0.00861256
18:12:44.451 TKD [pool-24-thread-2-ScalaTest-running-BFGSTest] INFO  breeze.optimize.LBFGS - Step Size: 1.000
18:12:44.451 TKD [pool-24-thread-2-ScalaTest-running-BFGSTest] INFO  breeze.optimize.LBFGS - Val and Grad Norm: 223.547 (rel: 3.48e-09) 0.00355290
18:12:44.462 TKD [pool-24-thread-2-ScalaTest-running-BFGSTest] INFO  breeze.optimize.LBFGS - Step Size: 1.000
18:12:44.462 TKD [pool-24-thread-2-ScalaTest-running-BFGSTest] INFO  breeze.optimize.LBFGS - Val and Grad Norm: 223.547 (rel: 8.14e-10) 0.00131555
18:12:44.476 TKD [pool-24-thread-2-ScalaTest-running-BFGSTest] INFO  breeze.optimize.LBFGS - Step Size: 1.000
18:12:44.476 TKD [pool-24-thread-2-ScalaTest-running-BFGSTest] INFO  breeze.optimize.LBFGS - Val and Grad Norm: 223.547 (rel: 2.35e-10) 0.000901228
18:12:44.486 TKD [pool-24-thread-2-ScalaTest-running-BFGSTest] INFO  breeze.optimize.LBFGS - Step Size: 1.000
18:12:44.487 TKD [pool-24-thread-2-ScalaTest-running-BFGSTest] INFO  breeze.optimize.LBFGS - Val and Grad Norm: 223.547 (rel: 3.07e-10) 0.000680995
18:12:44.497 TKD [pool-24-thread-2-ScalaTest-running-BFGSTest] DEBUG b.optimize.StrongWolfeLineSearch - Line search t: 1.0 fval: 223.54691496263342 rhs: 223.5469149755103 cdd: 2.8579776877206337E-7
18:12:44.507 TKD [pool-24-thread-2-ScalaTest-running-BFGSTest] INFO  b.optimize.StrongWolfeLineSearch - Line search t: 0.5215857963141695 fval: 223.54691489426594 rhs: 223.54691497552523 cdd: -1.083624267713628E-14
18:12:44.507 TKD [pool-24-thread-2-ScalaTest-running-BFGSTest] INFO  breeze.optimize.LBFGS - Step Size: 0.5216
18:12:44.507 TKD [pool-24-thread-2-ScalaTest-running-BFGSTest] INFO  breeze.optimize.LBFGS - Val and Grad Norm: 223.547 (rel: 3.64e-10) 0.00238500
18:12:44.517 TKD [pool-24-thread-2-ScalaTest-running-BFGSTest] INFO  breeze.optimize.LBFGS - Step Size: 1.000
18:12:44.517 TKD [pool-24-thread-2-ScalaTest-running-BFGSTest] INFO  breeze.optimize.LBFGS - Val and Grad Norm: 223.547 (rel: 7.47e-10) 0.00141730
18:12:44.528 TKD [pool-24-thread-2-ScalaTest-running-BFGSTest] INFO  breeze.optimize.LBFGS - Step Size: 1.000
18:12:44.528 TKD [pool-24-thread-2-ScalaTest-running-BFGSTest] INFO  breeze.optimize.LBFGS - Val and Grad Norm: 223.547 (rel: 1.83e-09) 0.00132481
18:12:44.538 TKD [pool-24-thread-2-ScalaTest-running-BFGSTest] INFO  breeze.optimize.LBFGS - Step Size: 1.000
18:12:44.538 TKD [pool-24-thread-2-ScalaTest-running-BFGSTest] INFO  breeze.optimize.LBFGS - Val and Grad Norm: 223.547 (rel: 1.75e-09) 0.00441258
18:12:44.548 TKD [pool-24-thread-2-ScalaTest-running-BFGSTest] INFO  breeze.optimize.LBFGS - Step Size: 1.000
18:12:44.548 TKD [pool-24-thread-2-ScalaTest-running-BFGSTest] INFO  breeze.optimize.LBFGS - Val and Grad Norm: 223.547 (rel: 2.76e-09) 0.00413220
18:12:44.559 TKD [pool-24-thread-2-ScalaTest-running-BFGSTest] INFO  breeze.optimize.LBFGS - Step Size: 1.000
18:12:44.559 TKD [pool-24-thread-2-ScalaTest-running-BFGSTest] INFO  breeze.optimize.LBFGS - Val and Grad Norm: 223.547 (rel: 1.24e-08) 0.00637308
18:12:44.569 TKD [pool-24-thread-2-ScalaTest-running-BFGSTest] INFO  breeze.optimize.LBFGS - Step Size: 1.000
18:12:44.569 TKD [pool-24-thread-2-ScalaTest-running-BFGSTest] INFO  breeze.optimize.LBFGS - Val and Grad Norm: 223.547 (rel: 1.78e-08) 0.0127412
18:12:44.579 TKD [pool-24-thread-2-ScalaTest-running-BFGSTest] INFO  breeze.optimize.LBFGS - Step Size: 1.000
18:12:44.580 TKD [pool-24-thread-2-ScalaTest-running-BFGSTest] INFO  breeze.optimize.LBFGS - Val and Grad Norm: 223.547 (rel: 2.12e-08) 0.00758489
18:12:44.595 TKD [pool-24-thread-2-ScalaTest-running-BFGSTest] INFO  breeze.optimize.LBFGS - Step Size: 1.000
18:12:44.595 TKD [pool-24-thread-2-ScalaTest-running-BFGSTest] INFO  breeze.optimize.LBFGS - Val and Grad Norm: 223.547 (rel: 2.15e-08) 0.00766489
18:12:44.606 TKD [pool-24-thread-2-ScalaTest-running-BFGSTest] INFO  breeze.optimize.LBFGS - Step Size: 1.000
18:12:44.606 TKD [pool-24-thread-2-ScalaTest-running-BFGSTest] INFO  breeze.optimize.LBFGS - Val and Grad Norm: 223.547 (rel: 2.65e-08) 0.0138322
18:12:44.617 TKD [pool-24-thread-2-ScalaTest-running-BFGSTest] INFO  breeze.optimize.LBFGS - Step Size: 1.000
18:12:44.617 TKD [pool-24-thread-2-ScalaTest-running-BFGSTest] INFO  breeze.optimize.LBFGS - Val and Grad Norm: 223.547 (rel: 4.43e-09) 0.0145371
18:12:44.634 TKD [pool-24-thread-2-ScalaTest-running-BFGSTest] INFO  breeze.optimize.LBFGS - Step Size: 1.000
18:12:44.634 TKD [pool-24-thread-2-ScalaTest-running-BFGSTest] INFO  breeze.optimize.LBFGS - Val and Grad Norm: 223.547 (rel: 1.11e-08) 0.00375406
18:12:44.644 TKD [pool-24-thread-2-ScalaTest-running-BFGSTest] INFO  breeze.optimize.LBFGS - Step Size: 1.000
18:12:44.644 TKD [pool-24-thread-2-ScalaTest-running-BFGSTest] INFO  breeze.optimize.LBFGS - Val and Grad Norm: 223.547 (rel: 1.73e-09) 0.00300246
18:12:44.655 TKD [pool-24-thread-2-ScalaTest-running-BFGSTest] INFO  breeze.optimize.LBFGS - Step Size: 1.000
18:12:44.655 TKD [pool-24-thread-2-ScalaTest-running-BFGSTest] INFO  breeze.optimize.LBFGS - Val and Grad Norm: 223.547 (rel: 5.54e-09) 0.00453539
18:12:44.665 TKD [pool-24-thread-2-ScalaTest-running-BFGSTest] INFO  breeze.optimize.LBFGS - Step Size: 1.000
18:12:44.665 TKD [pool-24-thread-2-ScalaTest-running-BFGSTest] INFO  breeze.optimize.LBFGS - Val and Grad Norm: 223.547 (rel: 5.84e-09) 0.00529348
18:12:44.675 TKD [pool-24-thread-2-ScalaTest-running-BFGSTest] DEBUG b.optimize.StrongWolfeLineSearch - Line search t: 1.0 fval: 223.54688691894583 cdd: 7.3464866258055766E-6
18:12:44.685 TKD [pool-24-thread-2-ScalaTest-running-BFGSTest] INFO  b.optimize.StrongWolfeLineSearch - Line search t: 0.28591648440285833 fval: 223.54688429490523 rhs: 223.54688471595946 cdd: 7.170743263239588E-11
18:12:44.685 TKD [pool-24-thread-2-ScalaTest-running-BFGSTest] INFO  breeze.optimize.LBFGS - Step Size: 0.2859
18:12:44.685 TKD [pool-24-thread-2-ScalaTest-running-BFGSTest] INFO  breeze.optimize.LBFGS - Val and Grad Norm: 223.547 (rel: 1.88e-09) 0.00575579
18:12:44.695 TKD [pool-24-thread-2-ScalaTest-running-BFGSTest] INFO  breeze.optimize.LBFGS - Step Size: 1.000
18:12:44.696 TKD [pool-24-thread-2-ScalaTest-running-BFGSTest] INFO  breeze.optimize.LBFGS - Val and Grad Norm: 223.547 (rel: 2.77e-09) 0.00212198
18:12:44.706 TKD [pool-24-thread-2-ScalaTest-running-BFGSTest] INFO  breeze.optimize.LBFGS - Step Size: 1.000
18:12:44.706 TKD [pool-24-thread-2-ScalaTest-running-BFGSTest] INFO  breeze.optimize.LBFGS - Val and Grad Norm: 223.547 (rel: 3.73e-10) 0.00104564
18:12:44.716 TKD [pool-24-thread-2-ScalaTest-running-BFGSTest] INFO  breeze.optimize.LBFGS - Step Size: 1.000
18:12:44.716 TKD [pool-24-thread-2-ScalaTest-running-BFGSTest] INFO  breeze.optimize.LBFGS - Val and Grad Norm: 223.547 (rel: 1.78e-10) 0.000811364
18:12:44.734 TKD [pool-24-thread-2-ScalaTest-running-BFGSTest] INFO  breeze.optimize.LBFGS - Step Size: 1.000
18:12:44.734 TKD [pool-24-thread-2-ScalaTest-running-BFGSTest] INFO  breeze.optimize.LBFGS - Val and Grad Norm: 223.547 (rel: 2.50e-10) 0.00100852
18:12:44.748 TKD [pool-24-thread-2-ScalaTest-running-BFGSTest] INFO  breeze.optimize.LBFGS - Step Size: 1.000
18:12:44.748 TKD [pool-24-thread-2-ScalaTest-running-BFGSTest] INFO  breeze.optimize.LBFGS - Val and Grad Norm: 223.547 (rel: 5.31e-10) 0.00226223
18:12:44.758 TKD [pool-24-thread-2-ScalaTest-running-BFGSTest] INFO  breeze.optimize.LBFGS - Step Size: 1.000
18:12:44.759 TKD [pool-24-thread-2-ScalaTest-running-BFGSTest] INFO  breeze.optimize.LBFGS - Val and Grad Norm: 223.547 (rel: 3.46e-10) 0.00219297
18:12:44.769 TKD [pool-24-thread-2-ScalaTest-running-BFGSTest] INFO  breeze.optimize.LBFGS - Step Size: 1.000
18:12:44.769 TKD [pool-24-thread-2-ScalaTest-running-BFGSTest] INFO  breeze.optimize.LBFGS - Val and Grad Norm: 223.547 (rel: 2.81e-10) 0.000929270
18:12:44.779 TKD [pool-24-thread-2-ScalaTest-running-BFGSTest] INFO  breeze.optimize.LBFGS - Step Size: 1.000
18:12:44.779 TKD [pool-24-thread-2-ScalaTest-running-BFGSTest] INFO  breeze.optimize.LBFGS - Val and Grad Norm: 223.547 (rel: 1.35e-10) 0.000693212
18:12:44.789 TKD [pool-24-thread-2-ScalaTest-running-BFGSTest] INFO  breeze.optimize.LBFGS - Step Size: 1.000
18:12:44.789 TKD [pool-24-thread-2-ScalaTest-running-BFGSTest] INFO  breeze.optimize.LBFGS - Val and Grad Norm: 223.547 (rel: 1.42e-10) 0.000847444
18:12:44.799 TKD [pool-24-thread-2-ScalaTest-running-BFGSTest] INFO  breeze.optimize.LBFGS - Step Size: 1.000
18:12:44.800 TKD [pool-24-thread-2-ScalaTest-running-BFGSTest] INFO  breeze.optimize.LBFGS - Val and Grad Norm: 223.547 (rel: 3.87e-10) 0.00144531
18:12:44.810 TKD [pool-24-thread-2-ScalaTest-running-BFGSTest] INFO  breeze.optimize.LBFGS - Step Size: 1.000
18:12:44.810 TKD [pool-24-thread-2-ScalaTest-running-BFGSTest] INFO  breeze.optimize.LBFGS - Val and Grad Norm: 223.547 (rel: 2.21e-10) 0.00178157
18:12:44.820 TKD [pool-24-thread-2-ScalaTest-running-BFGSTest] INFO  breeze.optimize.LBFGS - Step Size: 1.000
18:12:44.820 TKD [pool-24-thread-2-ScalaTest-running-BFGSTest] INFO  breeze.optimize.LBFGS - Val and Grad Norm: 223.547 (rel: 2.66e-10) 0.000958927
18:12:44.832 TKD [pool-24-thread-2-ScalaTest-running-BFGSTest] INFO  breeze.optimize.LBFGS - Step Size: 1.000
18:12:44.832 TKD [pool-24-thread-2-ScalaTest-running-BFGSTest] INFO  breeze.optimize.LBFGS - Val and Grad Norm: 223.547 (rel: 2.33e-10) 0.000907039
18:12:44.843 TKD [pool-24-thread-2-ScalaTest-running-BFGSTest] INFO  breeze.optimize.LBFGS - Step Size: 1.000
18:12:44.844 TKD [pool-24-thread-2-ScalaTest-running-BFGSTest] INFO  breeze.optimize.LBFGS - Val and Grad Norm: 223.547 (rel: 3.07e-10) 0.00139562
18:12:44.854 TKD [pool-24-thread-2-ScalaTest-running-BFGSTest] INFO  breeze.optimize.LBFGS - Step Size: 1.000
18:12:44.854 TKD [pool-24-thread-2-ScalaTest-running-BFGSTest] INFO  breeze.optimize.LBFGS - Val and Grad Norm: 223.547 (rel: 7.37e-10) 0.00229038
18:12:44.864 TKD [pool-24-thread-2-ScalaTest-running-BFGSTest] INFO  breeze.optimize.LBFGS - Step Size: 1.000
18:12:44.864 TKD [pool-24-thread-2-ScalaTest-running-BFGSTest] INFO  breeze.optimize.LBFGS - Val and Grad Norm: 223.547 (rel: 7.62e-10) 0.00267678
18:12:44.874 TKD [pool-24-thread-2-ScalaTest-running-BFGSTest] INFO  breeze.optimize.LBFGS - Step Size: 1.000
18:12:44.874 TKD [pool-24-thread-2-ScalaTest-running-BFGSTest] INFO  breeze.optimize.LBFGS - Val and Grad Norm: 223.547 (rel: 5.92e-10) 0.00134217
18:12:44.884 TKD [pool-24-thread-2-ScalaTest-running-BFGSTest] INFO  breeze.optimize.LBFGS - Step Size: 1.000
18:12:44.884 TKD [pool-24-thread-2-ScalaTest-running-BFGSTest] INFO  breeze.optimize.LBFGS - Val and Grad Norm: 223.547 (rel: 2.80e-10) 0.000960653
18:12:44.898 TKD [pool-24-thread-2-ScalaTest-running-BFGSTest] INFO  breeze.optimize.LBFGS - Step Size: 1.000
18:12:44.898 TKD [pool-24-thread-2-ScalaTest-running-BFGSTest] INFO  breeze.optimize.LBFGS - Val and Grad Norm: 223.547 (rel: 1.64e-10) 0.000981366
18:12:44.908 TKD [pool-24-thread-2-ScalaTest-running-BFGSTest] INFO  breeze.optimize.LBFGS - Step Size: 1.000
18:12:44.908 TKD [pool-24-thread-2-ScalaTest-running-BFGSTest] INFO  breeze.optimize.LBFGS - Val and Grad Norm: 223.547 (rel: 3.34e-10) 0.00133255
18:12:44.918 TKD [pool-24-thread-2-ScalaTest-running-BFGSTest] DEBUG b.optimize.StrongWolfeLineSearch - Line search t: 1.0 fval: 223.54688230181654 cdd: 3.6060047598645083E-7
18:12:44.928 TKD [pool-24-thread-2-ScalaTest-running-BFGSTest] INFO  b.optimize.StrongWolfeLineSearch - Line search t: 0.3504233126173114 fval: 223.54688218468976 rhs: 223.54688221877646 cdd: -7.904755729410686E-14
18:12:44.928 TKD [pool-24-thread-2-ScalaTest-running-BFGSTest] INFO  breeze.optimize.LBFGS - Step Size: 0.3504
18:12:44.928 TKD [pool-24-thread-2-ScalaTest-running-BFGSTest] INFO  breeze.optimize.LBFGS - Val and Grad Norm: 223.547 (rel: 1.53e-10) 0.00121953
18:12:44.939 TKD [pool-24-thread-2-ScalaTest-running-BFGSTest] INFO  breeze.optimize.LBFGS - Step Size: 1.000
18:12:44.939 TKD [pool-24-thread-2-ScalaTest-running-BFGSTest] INFO  breeze.optimize.LBFGS - Val and Grad Norm: 223.547 (rel: 1.49e-10) 0.000751967
18:12:44.953 TKD [pool-24-thread-2-ScalaTest-running-BFGSTest] INFO  breeze.optimize.LBFGS - Step Size: 1.000
18:12:44.953 TKD [pool-24-thread-2-ScalaTest-running-BFGSTest] INFO  breeze.optimize.LBFGS - Val and Grad Norm: 223.547 (rel: 1.38e-10) 0.000531299
18:12:44.963 TKD [pool-24-thread-2-ScalaTest-running-BFGSTest] INFO  breeze.optimize.LBFGS - Step Size: 1.000
18:12:44.963 TKD [pool-24-thread-2-ScalaTest-running-BFGSTest] INFO  breeze.optimize.LBFGS - Val and Grad Norm: 223.547 (rel: 1.17e-10) 0.00108930
18:12:44.974 TKD [pool-24-thread-2-ScalaTest-running-BFGSTest] INFO  breeze.optimize.LBFGS - Step Size: 1.000
18:12:44.974 TKD [pool-24-thread-2-ScalaTest-running-BFGSTest] INFO  breeze.optimize.LBFGS - Val and Grad Norm: 223.547 (rel: 9.77e-11) 0.000341148
18:12:44.986 TKD [pool-24-thread-2-ScalaTest-running-BFGSTest] INFO  breeze.optimize.LBFGS - Step Size: 1.000
18:12:44.986 TKD [pool-24-thread-2-ScalaTest-running-BFGSTest] INFO  breeze.optimize.LBFGS - Val and Grad Norm: 223.547 (rel: 2.94e-11) 0.000214748
18:12:44.996 TKD [pool-24-thread-2-ScalaTest-running-BFGSTest] INFO  breeze.optimize.LBFGS - Step Size: 1.000
18:12:44.996 TKD [pool-24-thread-2-ScalaTest-running-BFGSTest] INFO  breeze.optimize.LBFGS - Val and Grad Norm: 223.547 (rel: 3.62e-11) 0.000303483
18:12:45.006 TKD [pool-24-thread-2-ScalaTest-running-BFGSTest] DEBUG b.optimize.StrongWolfeLineSearch - Line search t: 1.0 fval: 223.54688205890074 cdd: 1.4682661620826986E-8
18:12:45.016 TKD [pool-24-thread-2-ScalaTest-running-BFGSTest] INFO  b.optimize.StrongWolfeLineSearch - Line search t: 0.46933113003127014 fval: 223.54688205500491 rhs: 223.5468820580517 cdd: -6.390666219484181E-14
18:12:45.016 TKD [pool-24-thread-2-ScalaTest-running-BFGSTest] INFO  breeze.optimize.LBFGS - Step Size: 0.4693
18:12:45.016 TKD [pool-24-thread-2-ScalaTest-running-BFGSTest] INFO  breeze.optimize.LBFGS - Val and Grad Norm: 223.547 (rel: 1.36e-11) 0.000370354
18:12:45.301 TKD [pool-24-thread-2-ScalaTest-running-BFGSTest] INFO  fdur.EM$ - 
optimized_log_likelihood=-223.5468809578035
iteration=32

